Archive member included to satisfy reference by file (symbol)

c:/program files (x86)/atmel/studio/7.0/toolchain/avr8/avr8-gnu-toolchain/bin/../lib/gcc/avr/5.4.0/avr4\libgcc.a(_exit.o)
                              C:/Program Files (x86)/Atmel/Studio/7.0/Packs/atmel/ATmega_DFP/1.2.209/gcc/dev/atmega8a/avr4/crtatmega8a.o (exit)
c:/program files (x86)/atmel/studio/7.0/toolchain/avr8/avr8-gnu-toolchain/bin/../lib/gcc/avr/5.4.0/avr4\libgcc.a(_copy_data.o)
                              Button_debounce.o (__do_copy_data)
c:/program files (x86)/atmel/studio/7.0/toolchain/avr8/avr8-gnu-toolchain/bin/../lib/gcc/avr/5.4.0/avr4\libgcc.a(_clear_bss.o)
                              encoder.o (__do_clear_bss)

Allocating common symbols
Common symbol       size              file

usbTxBuf            0xb               USB/usbdrv.o
usbTxStatus1        0xc               USB/usbdrv.o
usbDeviceAddr       0x1               USB/usbdrv.o
usbRxToken          0x1               USB/usbdrv.o
usbInputBufOffset   0x1               USB/usbdrv.o
usbMsgPtr           0x2               USB/usbdrv.o
usbRxLen            0x1               USB/usbdrv.o
usbNewDeviceAddr    0x1               USB/usbdrv.o
encoder_direction   0x1               encoder.o
usbCurrentTok       0x1               USB/usbdrv.o
usbConfiguration    0x1               USB/usbdrv.o
usbRxBuf            0x16              USB/usbdrv.o

Discarded input sections

 .data          0x00000000        0x0 C:/Program Files (x86)/Atmel/Studio/7.0/Packs/atmel/ATmega_DFP/1.2.209/gcc/dev/atmega8a/avr4/crtatmega8a.o
 .bss           0x00000000        0x0 C:/Program Files (x86)/Atmel/Studio/7.0/Packs/atmel/ATmega_DFP/1.2.209/gcc/dev/atmega8a/avr4/crtatmega8a.o
 .text          0x00000000        0x0 Button_debounce.o
 .data          0x00000000        0x0 Button_debounce.o
 .bss           0x00000000        0x0 Button_debounce.o
 .text          0x00000000        0x0 keyboard.o
 .data          0x00000000        0x0 keyboard.o
 .bss           0x00000000        0x0 keyboard.o
 .text          0x00000000        0x0 encoder.o
 .data          0x00000000        0x0 encoder.o
 .bss           0x00000000        0x0 encoder.o
 .text          0x00000000        0x0 main.o
 .data          0x00000000        0x0 main.o
 .bss           0x00000000        0x0 main.o
 .text.buildConsumerReport
                0x00000000       0x10 main.o
 .text          0x00000000        0x0 USB/oddebug.o
 .data          0x00000000        0x0 USB/oddebug.o
 .bss           0x00000000        0x0 USB/oddebug.o
 .debug_info    0x00000000       0x56 USB/oddebug.o
 .debug_abbrev  0x00000000       0x26 USB/oddebug.o
 .debug_aranges
                0x00000000       0x18 USB/oddebug.o
 .debug_line    0x00000000       0x1a USB/oddebug.o
 .debug_str     0x00000000      0x16a USB/oddebug.o
 .comment       0x00000000       0x31 USB/oddebug.o
 .text          0x00000000        0x0 USB/usbdrv.o
 .data          0x00000000        0x0 USB/usbdrv.o
 .bss           0x00000000        0x0 USB/usbdrv.o
 .data          0x00000000        0x0 USB/usbdrvasm.o
 .bss           0x00000000        0x0 USB/usbdrvasm.o
 .text          0x00000000        0x0 timer2.o
 .data          0x00000000        0x0 timer2.o
 .bss           0x00000000        0x0 timer2.o
 .text          0x00000000        0x0 c:/program files (x86)/atmel/studio/7.0/toolchain/avr8/avr8-gnu-toolchain/bin/../lib/gcc/avr/5.4.0/avr4\libgcc.a(_exit.o)
 .data          0x00000000        0x0 c:/program files (x86)/atmel/studio/7.0/toolchain/avr8/avr8-gnu-toolchain/bin/../lib/gcc/avr/5.4.0/avr4\libgcc.a(_exit.o)
 .bss           0x00000000        0x0 c:/program files (x86)/atmel/studio/7.0/toolchain/avr8/avr8-gnu-toolchain/bin/../lib/gcc/avr/5.4.0/avr4\libgcc.a(_exit.o)
 .text.libgcc.mul
                0x00000000        0x0 c:/program files (x86)/atmel/studio/7.0/toolchain/avr8/avr8-gnu-toolchain/bin/../lib/gcc/avr/5.4.0/avr4\libgcc.a(_exit.o)
 .text.libgcc.div
                0x00000000        0x0 c:/program files (x86)/atmel/studio/7.0/toolchain/avr8/avr8-gnu-toolchain/bin/../lib/gcc/avr/5.4.0/avr4\libgcc.a(_exit.o)
 .text.libgcc   0x00000000        0x0 c:/program files (x86)/atmel/studio/7.0/toolchain/avr8/avr8-gnu-toolchain/bin/../lib/gcc/avr/5.4.0/avr4\libgcc.a(_exit.o)
 .text.libgcc.prologue
                0x00000000        0x0 c:/program files (x86)/atmel/studio/7.0/toolchain/avr8/avr8-gnu-toolchain/bin/../lib/gcc/avr/5.4.0/avr4\libgcc.a(_exit.o)
 .text.libgcc.builtins
                0x00000000        0x0 c:/program files (x86)/atmel/studio/7.0/toolchain/avr8/avr8-gnu-toolchain/bin/../lib/gcc/avr/5.4.0/avr4\libgcc.a(_exit.o)
 .text.libgcc.fmul
                0x00000000        0x0 c:/program files (x86)/atmel/studio/7.0/toolchain/avr8/avr8-gnu-toolchain/bin/../lib/gcc/avr/5.4.0/avr4\libgcc.a(_exit.o)
 .text.libgcc.fixed
                0x00000000        0x0 c:/program files (x86)/atmel/studio/7.0/toolchain/avr8/avr8-gnu-toolchain/bin/../lib/gcc/avr/5.4.0/avr4\libgcc.a(_exit.o)
 .text          0x00000000        0x0 c:/program files (x86)/atmel/studio/7.0/toolchain/avr8/avr8-gnu-toolchain/bin/../lib/gcc/avr/5.4.0/avr4\libgcc.a(_copy_data.o)
 .data          0x00000000        0x0 c:/program files (x86)/atmel/studio/7.0/toolchain/avr8/avr8-gnu-toolchain/bin/../lib/gcc/avr/5.4.0/avr4\libgcc.a(_copy_data.o)
 .bss           0x00000000        0x0 c:/program files (x86)/atmel/studio/7.0/toolchain/avr8/avr8-gnu-toolchain/bin/../lib/gcc/avr/5.4.0/avr4\libgcc.a(_copy_data.o)
 .text.libgcc.mul
                0x00000000        0x0 c:/program files (x86)/atmel/studio/7.0/toolchain/avr8/avr8-gnu-toolchain/bin/../lib/gcc/avr/5.4.0/avr4\libgcc.a(_copy_data.o)
 .text.libgcc.div
                0x00000000        0x0 c:/program files (x86)/atmel/studio/7.0/toolchain/avr8/avr8-gnu-toolchain/bin/../lib/gcc/avr/5.4.0/avr4\libgcc.a(_copy_data.o)
 .text.libgcc   0x00000000        0x0 c:/program files (x86)/atmel/studio/7.0/toolchain/avr8/avr8-gnu-toolchain/bin/../lib/gcc/avr/5.4.0/avr4\libgcc.a(_copy_data.o)
 .text.libgcc.prologue
                0x00000000        0x0 c:/program files (x86)/atmel/studio/7.0/toolchain/avr8/avr8-gnu-toolchain/bin/../lib/gcc/avr/5.4.0/avr4\libgcc.a(_copy_data.o)
 .text.libgcc.builtins
                0x00000000        0x0 c:/program files (x86)/atmel/studio/7.0/toolchain/avr8/avr8-gnu-toolchain/bin/../lib/gcc/avr/5.4.0/avr4\libgcc.a(_copy_data.o)
 .text.libgcc.fmul
                0x00000000        0x0 c:/program files (x86)/atmel/studio/7.0/toolchain/avr8/avr8-gnu-toolchain/bin/../lib/gcc/avr/5.4.0/avr4\libgcc.a(_copy_data.o)
 .text.libgcc.fixed
                0x00000000        0x0 c:/program files (x86)/atmel/studio/7.0/toolchain/avr8/avr8-gnu-toolchain/bin/../lib/gcc/avr/5.4.0/avr4\libgcc.a(_copy_data.o)
 .text          0x00000000        0x0 c:/program files (x86)/atmel/studio/7.0/toolchain/avr8/avr8-gnu-toolchain/bin/../lib/gcc/avr/5.4.0/avr4\libgcc.a(_clear_bss.o)
 .data          0x00000000        0x0 c:/program files (x86)/atmel/studio/7.0/toolchain/avr8/avr8-gnu-toolchain/bin/../lib/gcc/avr/5.4.0/avr4\libgcc.a(_clear_bss.o)
 .bss           0x00000000        0x0 c:/program files (x86)/atmel/studio/7.0/toolchain/avr8/avr8-gnu-toolchain/bin/../lib/gcc/avr/5.4.0/avr4\libgcc.a(_clear_bss.o)
 .text.libgcc.mul
                0x00000000        0x0 c:/program files (x86)/atmel/studio/7.0/toolchain/avr8/avr8-gnu-toolchain/bin/../lib/gcc/avr/5.4.0/avr4\libgcc.a(_clear_bss.o)
 .text.libgcc.div
                0x00000000        0x0 c:/program files (x86)/atmel/studio/7.0/toolchain/avr8/avr8-gnu-toolchain/bin/../lib/gcc/avr/5.4.0/avr4\libgcc.a(_clear_bss.o)
 .text.libgcc   0x00000000        0x0 c:/program files (x86)/atmel/studio/7.0/toolchain/avr8/avr8-gnu-toolchain/bin/../lib/gcc/avr/5.4.0/avr4\libgcc.a(_clear_bss.o)
 .text.libgcc.prologue
                0x00000000        0x0 c:/program files (x86)/atmel/studio/7.0/toolchain/avr8/avr8-gnu-toolchain/bin/../lib/gcc/avr/5.4.0/avr4\libgcc.a(_clear_bss.o)
 .text.libgcc.builtins
                0x00000000        0x0 c:/program files (x86)/atmel/studio/7.0/toolchain/avr8/avr8-gnu-toolchain/bin/../lib/gcc/avr/5.4.0/avr4\libgcc.a(_clear_bss.o)
 .text.libgcc.fmul
                0x00000000        0x0 c:/program files (x86)/atmel/studio/7.0/toolchain/avr8/avr8-gnu-toolchain/bin/../lib/gcc/avr/5.4.0/avr4\libgcc.a(_clear_bss.o)
 .text.libgcc.fixed
                0x00000000        0x0 c:/program files (x86)/atmel/studio/7.0/toolchain/avr8/avr8-gnu-toolchain/bin/../lib/gcc/avr/5.4.0/avr4\libgcc.a(_clear_bss.o)

Memory Configuration

Name             Origin             Length             Attributes
text             0x00000000         0x00002000         xr
data             0x00800060         0x0000ffa0         rw !x
eeprom           0x00810000         0x00010000         rw !x
fuse             0x00820000         0x00000002         rw !x
lock             0x00830000         0x00000400         rw !x
signature        0x00840000         0x00000400         rw !x
user_signatures  0x00850000         0x00000400         rw !x
*default*        0x00000000         0xffffffff

Linker script and memory map

LOAD C:/Program Files (x86)/Atmel/Studio/7.0/Packs/atmel/ATmega_DFP/1.2.209/gcc/dev/atmega8a/avr4/crtatmega8a.o
LOAD Button_debounce.o
LOAD keyboard.o
LOAD encoder.o
LOAD main.o
LOAD USB/oddebug.o
LOAD USB/usbdrv.o
LOAD USB/usbdrvasm.o
LOAD timer2.o
START GROUP
LOAD c:/program files (x86)/atmel/studio/7.0/toolchain/avr8/avr8-gnu-toolchain/bin/../lib/gcc/avr/5.4.0/../../../../avr/lib/avr4\libm.a
END GROUP
START GROUP
LOAD c:/program files (x86)/atmel/studio/7.0/toolchain/avr8/avr8-gnu-toolchain/bin/../lib/gcc/avr/5.4.0/avr4\libgcc.a
LOAD c:/program files (x86)/atmel/studio/7.0/toolchain/avr8/avr8-gnu-toolchain/bin/../lib/gcc/avr/5.4.0/../../../../avr/lib/avr4\libm.a
LOAD c:/program files (x86)/atmel/studio/7.0/toolchain/avr8/avr8-gnu-toolchain/bin/../lib/gcc/avr/5.4.0/../../../../avr/lib/avr4\libc.a
LOAD C:/Program Files (x86)/Atmel/Studio/7.0/Packs/atmel/ATmega_DFP/1.2.209/gcc/dev/atmega8a/avr4\libatmega8a.a
END GROUP
                0x00002000                __TEXT_REGION_LENGTH__ = DEFINED (__TEXT_REGION_LENGTH__)?__TEXT_REGION_LENGTH__:0x2000
                0x0000ffa0                __DATA_REGION_LENGTH__ = DEFINED (__DATA_REGION_LENGTH__)?__DATA_REGION_LENGTH__:0xffa0
                0x00010000                __EEPROM_REGION_LENGTH__ = DEFINED (__EEPROM_REGION_LENGTH__)?__EEPROM_REGION_LENGTH__:0x10000
                [0x00000002]                __FUSE_REGION_LENGTH__ = DEFINED (__FUSE_REGION_LENGTH__)?__FUSE_REGION_LENGTH__:0x400
                0x00000400                __LOCK_REGION_LENGTH__ = DEFINED (__LOCK_REGION_LENGTH__)?__LOCK_REGION_LENGTH__:0x400
                0x00000400                __SIGNATURE_REGION_LENGTH__ = DEFINED (__SIGNATURE_REGION_LENGTH__)?__SIGNATURE_REGION_LENGTH__:0x400
                0x00000400                __USER_SIGNATURE_REGION_LENGTH__ = DEFINED (__USER_SIGNATURE_REGION_LENGTH__)?__USER_SIGNATURE_REGION_LENGTH__:0x400

.hash
 *(.hash)

.dynsym
 *(.dynsym)

.dynstr
 *(.dynstr)

.gnu.version
 *(.gnu.version)

.gnu.version_d
 *(.gnu.version_d)

.gnu.version_r
 *(.gnu.version_r)

.rel.init
 *(.rel.init)

.rela.init
 *(.rela.init)

.rel.text
 *(.rel.text)
 *(.rel.text.*)
 *(.rel.gnu.linkonce.t*)

.rela.text
 *(.rela.text)
 *(.rela.text.*)
 *(.rela.gnu.linkonce.t*)

.rel.fini
 *(.rel.fini)

.rela.fini
 *(.rela.fini)

.rel.rodata
 *(.rel.rodata)
 *(.rel.rodata.*)
 *(.rel.gnu.linkonce.r*)

.rela.rodata
 *(.rela.rodata)
 *(.rela.rodata.*)
 *(.rela.gnu.linkonce.r*)

.rel.data
 *(.rel.data)
 *(.rel.data.*)
 *(.rel.gnu.linkonce.d*)

.rela.data
 *(.rela.data)
 *(.rela.data.*)
 *(.rela.gnu.linkonce.d*)

.rel.ctors
 *(.rel.ctors)

.rela.ctors
 *(.rela.ctors)

.rel.dtors
 *(.rel.dtors)

.rela.dtors
 *(.rela.dtors)

.rel.got
 *(.rel.got)

.rela.got
 *(.rela.got)

.rel.bss
 *(.rel.bss)

.rela.bss
 *(.rela.bss)

.rel.plt
 *(.rel.plt)

.rela.plt
 *(.rela.plt)

.text           0x00000000      0x8c6
 *(.vectors)
 .vectors       0x00000000       0x26 C:/Program Files (x86)/Atmel/Studio/7.0/Packs/atmel/ATmega_DFP/1.2.209/gcc/dev/atmega8a/avr4/crtatmega8a.o
                0x00000000                __vector_default
                0x00000000                __vectors
 *(.vectors)
 *(.progmem.gcc*)
                0x00000026                . = ALIGN (0x2)
                0x00000026                __trampolines_start = .
 *(.trampolines)
 .trampolines   0x00000026        0x0 linker stubs
 *(.trampolines*)
                0x00000026                __trampolines_end = .
 *libprintf_flt.a:*(.progmem.data)
 *libc.a:*(.progmem.data)
 *(.progmem*)
 .progmem.data.usbDescriptorHidReport
                0x00000026       0x3e main.o
                0x00000026                usbDescriptorHidReport
 .progmem.data.usbDescriptorConfiguration
                0x00000064       0x22 USB/usbdrv.o
                0x00000064                usbDescriptorConfiguration
 .progmem.data.usbDescriptorDevice
                0x00000086       0x12 USB/usbdrv.o
                0x00000086                usbDescriptorDevice
 .progmem.data.usbDescriptorStringDevice
                0x00000098       0x1c USB/usbdrv.o
                0x00000098                usbDescriptorStringDevice
 .progmem.data.usbDescriptorStringVendor
                0x000000b4       0x12 USB/usbdrv.o
                0x000000b4                usbDescriptorStringVendor
 .progmem.data.usbDescriptorString0
                0x000000c6        0x4 USB/usbdrv.o
                0x000000c6                usbDescriptorString0
                0x000000ca                . = ALIGN (0x2)
 *(.jumptables)
 *(.jumptables*)
 *(.lowtext)
 *(.lowtext*)
                0x000000ca                __ctors_start = .
 *(.ctors)
                0x000000ca                __ctors_end = .
                0x000000ca                __dtors_start = .
 *(.dtors)
                0x000000ca                __dtors_end = .
 SORT(*)(.ctors)
 SORT(*)(.dtors)
 *(.init0)
 .init0         0x000000ca        0x0 C:/Program Files (x86)/Atmel/Studio/7.0/Packs/atmel/ATmega_DFP/1.2.209/gcc/dev/atmega8a/avr4/crtatmega8a.o
                0x000000ca                __init
 *(.init0)
 *(.init1)
 *(.init1)
 *(.init2)
 .init2         0x000000ca        0xc C:/Program Files (x86)/Atmel/Studio/7.0/Packs/atmel/ATmega_DFP/1.2.209/gcc/dev/atmega8a/avr4/crtatmega8a.o
 *(.init2)
 *(.init3)
 *(.init3)
 *(.init4)
 .init4         0x000000d6       0x16 c:/program files (x86)/atmel/studio/7.0/toolchain/avr8/avr8-gnu-toolchain/bin/../lib/gcc/avr/5.4.0/avr4\libgcc.a(_copy_data.o)
                0x000000d6                __do_copy_data
 .init4         0x000000ec       0x10 c:/program files (x86)/atmel/studio/7.0/toolchain/avr8/avr8-gnu-toolchain/bin/../lib/gcc/avr/5.4.0/avr4\libgcc.a(_clear_bss.o)
                0x000000ec                __do_clear_bss
 *(.init4)
 *(.init5)
 *(.init5)
 *(.init6)
 *(.init6)
 *(.init7)
 *(.init7)
 *(.init8)
 *(.init8)
 *(.init9)
 .init9         0x000000fc        0x4 C:/Program Files (x86)/Atmel/Studio/7.0/Packs/atmel/ATmega_DFP/1.2.209/gcc/dev/atmega8a/avr4/crtatmega8a.o
 *(.init9)
 *(.text)
 .text          0x00000100        0x2 C:/Program Files (x86)/Atmel/Studio/7.0/Packs/atmel/ATmega_DFP/1.2.209/gcc/dev/atmega8a/avr4/crtatmega8a.o
                0x00000100                __vector_12
                0x00000100                __bad_interrupt
                0x00000100                __vector_6
                0x00000100                __vector_11
                0x00000100                __vector_13
                0x00000100                __vector_17
                0x00000100                __vector_7
                0x00000100                __vector_5
                0x00000100                __vector_4
                0x00000100                __vector_9
                0x00000100                __vector_2
                0x00000100                __vector_15
                0x00000100                __vector_8
                0x00000100                __vector_14
                0x00000100                __vector_10
                0x00000100                __vector_16
                0x00000100                __vector_18
 .text          0x00000102      0x274 USB/usbdrvasm.o
                0x00000102                usbCrc16
                0x0000012c                usbCrc16Append
                0x00000134                __vector_1
                0x00000376                . = ALIGN (0x2)
 *(.text.*)
 .text.button_init
                0x00000376       0x12 Button_debounce.o
                0x00000376                button_init
 .text.button_routine
                0x00000388       0x74 Button_debounce.o
                0x00000388                button_routine
 .text.button_is_pressed
                0x000003fc       0x16 Button_debounce.o
                0x000003fc                button_is_pressed
 .text.keyboard_init
                0x00000412        0x4 keyboard.o
                0x00000412                keyboard_init
 .text.keyboard_routine
                0x00000416       0x32 keyboard.o
                0x00000416                keyboard_routine
 .text.keyboard_get_pressed_key
                0x00000448       0x32 keyboard.o
                0x00000448                keyboard_get_pressed_key
 .text.encoder_init
                0x0000047a       0x12 encoder.o
                0x0000047a                encoder_init
 .text.encoder_routine
                0x0000048c       0x3e encoder.o
                0x0000048c                encoder_routine
 .text.encoder_get_direction
                0x000004ca        0x6 encoder.o
                0x000004ca                encoder_get_direction
 .text.buildKeyboardReport
                0x000004d0       0x10 main.o
                0x000004d0                buildKeyboardReport
 .text.usbFunctionSetup
                0x000004e0       0x62 main.o
                0x000004e0                usbFunctionSetup
 .text.startup.main
                0x00000542       0xbc main.o
                0x00000542                main
 .text.usbSetInterrupt
                0x000005fe       0x44 USB/usbdrv.o
                0x000005fe                usbSetInterrupt
 .text.usbPoll  0x00000642      0x20c USB/usbdrv.o
                0x00000642                usbPoll
 .text.usbInit  0x0000084e       0x1a USB/usbdrv.o
                0x0000084e                usbInit
 .text.timer2_init
                0x00000868       0x14 timer2.o
                0x00000868                timer2_init
 .text.__vector_3
                0x0000087c       0x46 timer2.o
                0x0000087c                __vector_3
                0x000008c2                . = ALIGN (0x2)
 *(.fini9)
 .fini9         0x000008c2        0x0 c:/program files (x86)/atmel/studio/7.0/toolchain/avr8/avr8-gnu-toolchain/bin/../lib/gcc/avr/5.4.0/avr4\libgcc.a(_exit.o)
                0x000008c2                _exit
                0x000008c2                exit
 *(.fini9)
 *(.fini8)
 *(.fini8)
 *(.fini7)
 *(.fini7)
 *(.fini6)
 *(.fini6)
 *(.fini5)
 *(.fini5)
 *(.fini4)
 *(.fini4)
 *(.fini3)
 *(.fini3)
 *(.fini2)
 *(.fini2)
 *(.fini1)
 *(.fini1)
 *(.fini0)
 .fini0         0x000008c2        0x4 c:/program files (x86)/atmel/studio/7.0/toolchain/avr8/avr8-gnu-toolchain/bin/../lib/gcc/avr/5.4.0/avr4\libgcc.a(_exit.o)
 *(.fini0)
                0x000008c6                _etext = .

.data           0x00800060       0x96 load address 0x000008c6
                0x00800060                PROVIDE (__data_start, .)
 *(.data)
 *(.data*)
 .data.inputs   0x00800060       0x46 Button_debounce.o
                0x00800060                inputs
 .data.keyboardMap
                0x008000a6       0x23 keyboard.o
 .data.usbMsgLen
                0x008000c9        0x1 USB/usbdrv.o
 .data.usbTxLen
                0x008000ca        0x1 USB/usbdrv.o
                0x008000ca                usbTxLen
 *(.gnu.linkonce.d*)
 *(.rodata)
 *(.rodata*)
 .rodata.str1.1
                0x008000cb       0x2a Button_debounce.o
 *(.gnu.linkonce.r*)
                0x008000f6                . = ALIGN (0x2)
 *fill*         0x008000f5        0x1 
                0x008000f6                _edata = .
                0x008000f6                PROVIDE (__data_end, .)

.bss            0x008000f6       0x40
                0x008000f6                PROVIDE (__bss_start, .)
 *(.bss)
 *(.bss*)
 .bss.stateEnc.1618
                0x008000f6        0x1 encoder.o
 .bss.keyboard_report
                0x008000f7        0x3 main.o
 .bss.consumer_Report
                0x008000fa        0x3 main.o
 .bss.idleRate  0x008000fd        0x1 main.o
 .bss.usbMsgFlags
                0x008000fe        0x1 USB/usbdrv.o
 *(COMMON)
 COMMON         0x008000ff        0x1 encoder.o
                0x008000ff                encoder_direction
 COMMON         0x00800100       0x36 USB/usbdrv.o
                0x00800100                usbTxBuf
                0x0080010b                usbTxStatus1
                0x00800117                usbDeviceAddr
                0x00800118                usbRxToken
                0x00800119                usbInputBufOffset
                0x0080011a                usbMsgPtr
                0x0080011c                usbRxLen
                0x0080011d                usbNewDeviceAddr
                0x0080011e                usbCurrentTok
                0x0080011f                usbConfiguration
                0x00800120                usbRxBuf
                0x00800136                PROVIDE (__bss_end, .)
                0x000008c6                __data_load_start = LOADADDR (.data)
                0x0000095c                __data_load_end = (__data_load_start + SIZEOF (.data))

.noinit         0x00800136        0x0
                [!provide]                PROVIDE (__noinit_start, .)
 *(.noinit*)
                [!provide]                PROVIDE (__noinit_end, .)
                0x00800136                _end = .
                [!provide]                PROVIDE (__heap_start, .)

.eeprom         0x00810000        0x0
 *(.eeprom*)
                0x00810000                __eeprom_end = .

.fuse
 *(.fuse)
 *(.lfuse)
 *(.hfuse)
 *(.efuse)

.lock
 *(.lock*)

.signature
 *(.signature*)

.user_signatures
 *(.user_signatures*)

.stab
 *(.stab)

.stabstr
 *(.stabstr)

.stab.excl
 *(.stab.excl)

.stab.exclstr
 *(.stab.exclstr)

.stab.index
 *(.stab.index)

.stab.indexstr
 *(.stab.indexstr)

.comment        0x00000000       0x30
 *(.comment)
 .comment       0x00000000       0x30 Button_debounce.o
                                 0x31 (size before relaxing)
 .comment       0x00000030       0x31 keyboard.o
 .comment       0x00000030       0x31 encoder.o
 .comment       0x00000030       0x31 main.o
 .comment       0x00000030       0x31 USB/usbdrv.o
 .comment       0x00000030       0x31 timer2.o

.note.gnu.avr.deviceinfo
                0x00000000       0x3c
 .note.gnu.avr.deviceinfo
                0x00000000       0x3c C:/Program Files (x86)/Atmel/Studio/7.0/Packs/atmel/ATmega_DFP/1.2.209/gcc/dev/atmega8a/avr4/crtatmega8a.o

.note.gnu.build-id
 *(.note.gnu.build-id)

.debug
 *(.debug)

.line
 *(.line)

.debug_srcinfo
 *(.debug_srcinfo)

.debug_sfnames
 *(.debug_sfnames)

.debug_aranges  0x00000000      0x140
 *(.debug_aranges)
 .debug_aranges
                0x00000000       0x30 Button_debounce.o
 .debug_aranges
                0x00000030       0x30 keyboard.o
 .debug_aranges
                0x00000060       0x30 encoder.o
 .debug_aranges
                0x00000090       0x38 main.o
 .debug_aranges
                0x000000c8       0x30 USB/usbdrv.o
 .debug_aranges
                0x000000f8       0x20 USB/usbdrvasm.o
 .debug_aranges
                0x00000118       0x28 timer2.o

.debug_pubnames
 *(.debug_pubnames)

.debug_info     0x00000000     0x1b38
 *(.debug_info .gnu.linkonce.wi.*)
 .debug_info    0x00000000      0x48c C:/Program Files (x86)/Atmel/Studio/7.0/Packs/atmel/ATmega_DFP/1.2.209/gcc/dev/atmega8a/avr4/crtatmega8a.o
 .debug_info    0x0000048c      0x26b Button_debounce.o
 .debug_info    0x000006f7      0x2c5 keyboard.o
 .debug_info    0x000009bc      0x12c encoder.o
 .debug_info    0x00000ae8      0x632 main.o
 .debug_info    0x0000111a      0x8eb USB/usbdrv.o
 .debug_info    0x00001a05       0x80 USB/usbdrvasm.o
 .debug_info    0x00001a85       0xb3 timer2.o

.debug_abbrev   0x00000000      0xeb4
 *(.debug_abbrev)
 .debug_abbrev  0x00000000      0x44e C:/Program Files (x86)/Atmel/Studio/7.0/Packs/atmel/ATmega_DFP/1.2.209/gcc/dev/atmega8a/avr4/crtatmega8a.o
 .debug_abbrev  0x0000044e      0x18a Button_debounce.o
 .debug_abbrev  0x000005d8      0x195 keyboard.o
 .debug_abbrev  0x0000076d       0xe4 encoder.o
 .debug_abbrev  0x00000851      0x2e1 main.o
 .debug_abbrev  0x00000b32      0x2e8 USB/usbdrv.o
 .debug_abbrev  0x00000e1a       0x14 USB/usbdrvasm.o
 .debug_abbrev  0x00000e2e       0x86 timer2.o

.debug_line     0x00000000     0x133e
 *(.debug_line .debug_line.* .debug_line_end)
 .debug_line    0x00000000      0x109 C:/Program Files (x86)/Atmel/Studio/7.0/Packs/atmel/ATmega_DFP/1.2.209/gcc/dev/atmega8a/avr4/crtatmega8a.o
 .debug_line    0x00000109      0x163 Button_debounce.o
 .debug_line    0x0000026c      0x152 keyboard.o
 .debug_line    0x000003be      0x137 encoder.o
 .debug_line    0x000004f5      0x2ff main.o
 .debug_line    0x000007f4      0x31b USB/usbdrv.o
 .debug_line    0x00000b0f      0x749 USB/usbdrvasm.o
 .debug_line    0x00001258       0xe6 timer2.o

.debug_frame    0x00000000      0x200
 *(.debug_frame)
 .debug_frame   0x00000000       0x44 Button_debounce.o
 .debug_frame   0x00000044       0x50 keyboard.o
 .debug_frame   0x00000094       0x44 encoder.o
 .debug_frame   0x000000d8       0x54 main.o
 .debug_frame   0x0000012c       0x58 USB/usbdrv.o
 .debug_frame   0x00000184       0x7c timer2.o

.debug_str      0x00000000      0xb14
 *(.debug_str)
 .debug_str     0x00000000      0x17a C:/Program Files (x86)/Atmel/Studio/7.0/Packs/atmel/ATmega_DFP/1.2.209/gcc/dev/atmega8a/avr4/crtatmega8a.o
 .debug_str     0x0000017a      0x23d Button_debounce.o
                                0x281 (size before relaxing)
 .debug_str     0x000003b7       0xe6 keyboard.o
                                0x2b6 (size before relaxing)
 .debug_str     0x0000049d       0xc7 encoder.o
                                0x229 (size before relaxing)
 .debug_str     0x00000564      0x309 main.o
                                0x533 (size before relaxing)
 .debug_str     0x0000086d      0x28e USB/usbdrv.o
                                0x4e9 (size before relaxing)
 .debug_str     0x00000afb       0x19 timer2.o
                                0x179 (size before relaxing)

.debug_loc      0x00000000      0xc93
 *(.debug_loc)
 .debug_loc     0x00000000       0xba Button_debounce.o
 .debug_loc     0x000000ba       0xe0 keyboard.o
 .debug_loc     0x0000019a       0x66 encoder.o
 .debug_loc     0x00000200      0x1f9 main.o
 .debug_loc     0x000003f9      0x7cf USB/usbdrv.o
 .debug_loc     0x00000bc8       0xcb timer2.o

.debug_macinfo
 *(.debug_macinfo)

.debug_weaknames
 *(.debug_weaknames)

.debug_funcnames
 *(.debug_funcnames)

.debug_typenames
 *(.debug_typenames)

.debug_varnames
 *(.debug_varnames)

.debug_pubtypes
 *(.debug_pubtypes)

.debug_ranges   0x00000000      0x1f0
 *(.debug_ranges)
 .debug_ranges  0x00000000       0x20 Button_debounce.o
 .debug_ranges  0x00000020       0x20 keyboard.o
 .debug_ranges  0x00000040       0x20 encoder.o
 .debug_ranges  0x00000060       0xa8 main.o
 .debug_ranges  0x00000108       0xd0 USB/usbdrv.o
 .debug_ranges  0x000001d8       0x18 timer2.o

.debug_macro
 *(.debug_macro)
OUTPUT(CubaseRemote.elf elf32-avr)
LOAD linker stubs
